
> pms-hotel-frontend@0.0.0 build
> tsc -b && vite build

src/components/Card.tsx(4,10): error TS1484: 'HTMLAttributes' is a type and must be imported using a type-only import when 'verbatimModuleSyntax' is enabled.
src/components/ChannelManager/ChannelManagerDashboard.tsx(188,75): error TS2322: Type '{ children: string; onClick: () => Promise<void>; variant: "outline"; size: string; }' is not assignable to type 'IntrinsicAttributes & ButtonProps'.
  Property 'size' does not exist on type 'IntrinsicAttributes & ButtonProps'.
src/components/Input.tsx(4,10): error TS1484: 'InputHTMLAttributes' is a type and must be imported using a type-only import when 'verbatimModuleSyntax' is enabled.
src/components/Label.tsx(4,10): error TS1484: 'LabelHTMLAttributes' is a type and must be imported using a type-only import when 'verbatimModuleSyntax' is enabled.
src/components/NotificationCenter.tsx(44,34): error TS2339: Property 'getNotificationHistory' does not exist on type 'ApiClient'.
src/components/NotificationCenter.tsx(59,17): error TS2551: Property 'sendReservationConfirmation' does not exist on type 'ApiClient'. Did you mean 'getReservationByConfirmation'?
src/components/NotificationCenter.tsx(73,17): error TS2339: Property 'sendCheckInReminder' does not exist on type 'ApiClient'.
src/components/PerformanceMonitor.tsx(6,30): error TS1484: 'PerformanceMetrics' is a type and must be imported using a type-only import when 'verbatimModuleSyntax' is enabled.
src/components/PerformanceMonitor.tsx(7,25): error TS1484: 'DeviceInfo' is a type and must be imported using a type-only import when 'verbatimModuleSyntax' is enabled.
src/components/RateCalendar.tsx(36,34): error TS2339: Property 'getRateCalendar' does not exist on type 'ApiClient'.
src/contexts/AuthContext.tsx(41,13): error TS2339: Property 'getMe' does not exist on type 'ApiClient'.
src/contexts/AuthContext.tsx(72,11): error TS2339: Property 'logout' does not exist on type 'ApiClient'.
src/hooks/useDatabaseInfo.ts(7,15): error TS2305: Module '"../types/api"' has no exported member 'DatabaseInfo'.
src/hooks/useHealthCheck.ts(7,15): error TS2305: Module '"../types/api"' has no exported member 'HealthCheckResponse'.
src/hooks/usePermissions.ts(1,29): error TS2307: Cannot find module '../store/crmStore' or its corresponding type declarations.
src/lib/api.ts(6,17): error TS1484: 'AxiosInstance' is a type and must be imported using a type-only import when 'verbatimModuleSyntax' is enabled.
src/lib/optimizedApi.ts(69,37): error TS2339: Property 'getDashboardStats' does not exist on type 'ApiClient'.
src/lib/optimizedApi.ts(70,34): error TS2551: Property 'getReservations' does not exist on type 'ApiClient'. Did you mean 'getReservation'?
src/lib/optimizedApi.ts(71,28): error TS2551: Property 'getGuests' does not exist on type 'ApiClient'. Did you mean 'getGuest'?
src/lib/optimizedApi.ts(72,27): error TS2551: Property 'getRooms' does not exist on type 'ApiClient'. Did you mean 'getRoom'?
src/lib/optimizedApi.ts(73,40): error TS2339: Property 'getRoomAvailability' does not exist on type 'ApiClient'.
src/pages/Analytics.tsx(39,33): error TS2339: Property 'getKPISummary' does not exist on type 'ApiClient'.
src/pages/Analytics.tsx(42,39): error TS2339: Property 'getPerformanceScorecard' does not exist on type 'ApiClient'.
src/pages/Analytics.tsx(49,40): error TS2339: Property 'getEfficiencyMetrics' does not exist on type 'ApiClient'.
src/pages/Analytics/components/KPICards.tsx(3,44): error TS2307: Cannot find module '@heroicons/react/24/solid' or its corresponding type declarations.
src/pages/AuditLogs.tsx(53,34): error TS2339: Property 'searchAuditLogs' does not exist on type 'ApiClient'.
src/pages/AuditLogs.tsx(79,30): error TS2339: Property 'exportAuditLogs' does not exist on type 'ApiClient'.
src/pages/CheckOut.tsx(34,9): error TS2353: Object literal may only specify known properties, and 'confirmation_number' does not exist in type 'CheckOutRequest'.
src/pages/ComplianceDashboard.tsx(40,13): error TS2339: Property 'getComplianceReport' does not exist on type 'ApiClient'.
src/pages/ComplianceDashboard.tsx(41,13): error TS2339: Property 'getSecuritySummary' does not exist on type 'ApiClient'.
src/pages/ComplianceDashboard.tsx(42,32): error TS2339: Property 'getRetentionStatus' does not exist on type 'ApiClient'.
src/pages/ComplianceDashboard.tsx(43,13): error TS2339: Property 'getAuditStats' does not exist on type 'ApiClient'.
src/pages/GlobalSearch.tsx(46,34): error TS2339: Property 'getSavedSearches' does not exist on type 'ApiClient'.
src/pages/GlobalSearch.tsx(55,34): error TS2339: Property 'getSearchHistory' does not exist on type 'ApiClient'.
src/pages/GlobalSearch.tsx(70,33): error TS2339: Property 'globalSearch' does not exist on type 'ApiClient'.
src/pages/GlobalSearch.tsx(89,36): error TS2339: Property 'getSearchSuggestions' does not exist on type 'ApiClient'.
src/pages/GlobalSearch.tsx(331,50): error TS2339: Property 'useSavedSearch' does not exist on type 'ApiClient'.
src/pages/Housekeeping.tsx(45,34): error TS2551: Property 'getHousekeepingTasks' does not exist on type 'ApiClient'. Did you mean 'getHousekeepingStatus'?
src/pages/Housekeeping.tsx(54,34): error TS2339: Property 'getMaintenanceRequests' does not exist on type 'ApiClient'.
src/pages/Housekeeping.tsx(63,34): error TS2339: Property 'getDailySummary' does not exist on type 'ApiClient'.
src/pages/Housekeeping.tsx(73,32): error TS2339: Property 'runDailyHousekeeping' does not exist on type 'ApiClient'.
src/pages/Housekeeping.tsx(86,32): error TS2339: Property 'autoAssignTasks' does not exist on type 'ApiClient'.
src/pages/Housekeeping.tsx(98,17): error TS2339: Property 'startTask' does not exist on type 'ApiClient'.
src/pages/Housekeeping.tsx(108,17): error TS2339: Property 'completeTask' does not exist on type 'ApiClient'.
src/pages/MobileDashboard.tsx(36,13): error TS2339: Property 'getDashboardStats' does not exist on type 'ApiClient'.
src/pages/MobileDashboard.tsx(37,13): error TS2551: Property 'getReservations' does not exist on type 'ApiClient'. Did you mean 'getReservation'?
src/pages/MobileReservations.tsx(45,34): error TS2551: Property 'getReservations' does not exist on type 'ApiClient'. Did you mean 'getReservation'?
src/pages/Notifications.tsx(32,34): error TS2339: Property 'getNotificationHistory' does not exist on type 'ApiClient'.
src/pages/Operations.tsx(62,17): error TS2339: Property 'markNoShow' does not exist on type 'ApiClient'.
src/pages/Operations.tsx(80,33): error TS2339: Property 'runNightAudit' does not exist on type 'ApiClient'.
src/pages/Operations.tsx(97,17): error TS2339: Property 'changeRoom' does not exist on type 'ApiClient'.
src/pages/PerformanceDashboard.tsx(37,30): error TS2339: Property 'getMonitoringMetrics' does not exist on type 'ApiClient'.
src/pages/PerformanceDashboard.tsx(55,17): error TS2339: Property 'clearCache' does not exist on type 'ApiClient'.
src/pages/RatesManagement.tsx(48,34): error TS2339: Property 'getDiscountCodes' does not exist on type 'ApiClient'.
src/pages/RatesManagement.tsx(60,17): error TS2339: Property 'createDiscountCode' does not exist on type 'ApiClient'.
src/pages/UserManagement.tsx(53,34): error TS2339: Property 'getUserList' does not exist on type 'ApiClient'.
src/pages/UserManagement.tsx(65,31): error TS2339: Property 'getRoleStats' does not exist on type 'ApiClient'.
src/pages/UserManagement.tsx(102,17): error TS2339: Property 'deactivateUser' does not exist on type 'ApiClient'.
src/pages/UserManagement.tsx(112,17): error TS2339: Property 'activateUser' does not exist on type 'ApiClient'.
src/pages/UserManagement.tsx(122,17): error TS2339: Property 'unlockUserAccount' does not exist on type 'ApiClient'.
src/pages/UserManagement.tsx(132,30): error TS2339: Property 'getUserById' does not exist on type 'ApiClient'.
src/pages/UserManagement.tsx(133,31): error TS2339: Property 'getUserStats' does not exist on type 'ApiClient'.
src/pages/UserProfile.tsx(49,34): error TS2339: Property 'getMe' does not exist on type 'ApiClient'.
src/pages/UserProfile.tsx(59,31): error TS2339: Property 'getUserStats' does not exist on type 'ApiClient'.
src/pages/UserProfile.tsx(69,34): error TS2339: Property 'getUserActivity' does not exist on type 'ApiClient'.
src/pages/UserProfile.tsx(89,17): error TS2339: Property 'changePassword' does not exist on type 'ApiClient'.
src/utils/performance.ts(93,16): error TS2503: Cannot find namespace 'NodeJS'.
